// Jest Snapshot v1, https://goo.gl/fbAQLP

exports[`Filter renders without crashing 1`] = `
ShallowWrapper {
  Symbol(enzyme.__root__): [Circular],
  Symbol(enzyme.__unrendered__): <Filter
    applyFilters={[MockFunction]}
    clearFilters={[MockFunction]}
  />,
  Symbol(enzyme.__renderer__): Object {
    "batchedUpdates": [Function],
    "checkPropTypes": [Function],
    "getNode": [Function],
    "render": [Function],
    "simulateError": [Function],
    "simulateEvent": [Function],
    "unmount": [Function],
  },
  Symbol(enzyme.__node__): Object {
    "instance": null,
    "key": undefined,
    "nodeType": "host",
    "props": Object {
      "children": Array [
        <input
          className="filter"
          onKeyUp={[Function]}
          placeholder="Enter language"
          required={true}
          type="text"
        />,
        " ",
        <button
          className="filterbutton"
          id="applyFilters"
          onClick={[Function]}
        >
          APPLY
        </button>,
        " ",
        <button
          className="filterbutton"
          id="clearFilters"
          onClick={[Function]}
        >
          CLEAR
        </button>,
      ],
      "className": "filterform",
    },
    "ref": null,
    "rendered": Array [
      Object {
        "instance": null,
        "key": undefined,
        "nodeType": "host",
        "props": Object {
          "className": "filter",
          "onKeyUp": [Function],
          "placeholder": "Enter language",
          "required": true,
          "type": "text",
        },
        "ref": [Function],
        "rendered": null,
        "type": "input",
      },
      " ",
      Object {
        "instance": null,
        "key": undefined,
        "nodeType": "host",
        "props": Object {
          "children": "APPLY",
          "className": "filterbutton",
          "id": "applyFilters",
          "onClick": [Function],
        },
        "ref": null,
        "rendered": "APPLY",
        "type": "button",
      },
      " ",
      Object {
        "instance": null,
        "key": undefined,
        "nodeType": "host",
        "props": Object {
          "children": "CLEAR",
          "className": "filterbutton",
          "id": "clearFilters",
          "onClick": [Function],
        },
        "ref": null,
        "rendered": "CLEAR",
        "type": "button",
      },
    ],
    "type": "div",
  },
  Symbol(enzyme.__nodes__): Array [
    Object {
      "instance": null,
      "key": undefined,
      "nodeType": "host",
      "props": Object {
        "children": Array [
          <input
            className="filter"
            onKeyUp={[Function]}
            placeholder="Enter language"
            required={true}
            type="text"
          />,
          " ",
          <button
            className="filterbutton"
            id="applyFilters"
            onClick={[Function]}
          >
            APPLY
          </button>,
          " ",
          <button
            className="filterbutton"
            id="clearFilters"
            onClick={[Function]}
          >
            CLEAR
          </button>,
        ],
        "className": "filterform",
      },
      "ref": null,
      "rendered": Array [
        Object {
          "instance": null,
          "key": undefined,
          "nodeType": "host",
          "props": Object {
            "className": "filter",
            "onKeyUp": [Function],
            "placeholder": "Enter language",
            "required": true,
            "type": "text",
          },
          "ref": [Function],
          "rendered": null,
          "type": "input",
        },
        " ",
        Object {
          "instance": null,
          "key": undefined,
          "nodeType": "host",
          "props": Object {
            "children": "APPLY",
            "className": "filterbutton",
            "id": "applyFilters",
            "onClick": [Function],
          },
          "ref": null,
          "rendered": "APPLY",
          "type": "button",
        },
        " ",
        Object {
          "instance": null,
          "key": undefined,
          "nodeType": "host",
          "props": Object {
            "children": "CLEAR",
            "className": "filterbutton",
            "id": "clearFilters",
            "onClick": [Function],
          },
          "ref": null,
          "rendered": "CLEAR",
          "type": "button",
        },
      ],
      "type": "div",
    },
  ],
  Symbol(enzyme.__options__): Object {
    "adapter": ReactSixteenAdapter {
      "options": Object {
        "enableComponentDidUpdateOnSetState": true,
        "legacyContextMode": "parent",
        "lifecycles": Object {
          "componentDidUpdate": Object {
            "onSetState": true,
          },
          "getChildContext": Object {
            "calledByRenderer": false,
          },
          "getDerivedStateFromError": true,
          "getDerivedStateFromProps": Object {
            "hasShouldComponentUpdateBug": false,
          },
          "getSnapshotBeforeUpdate": true,
          "setState": Object {
            "skipsComponentDidUpdateOnNullish": true,
          },
        },
      },
    },
  },
  Symbol(enzyme.__childContext__): null,
}
`;
